M1 work 1440 PASS 29 labels in 5 visible drawing(s): no intersections, all inside their svg box
M2 work 1440 PASS guardicore-vis (340px wide): min rendered label font 11.5px, need >= 11
M2 work 1440 PASS rfp-flow (400px wide): min rendered label font 13.6px, need >= 11
M2 work 1440 PASS ordani-claims (400px wide): min rendered label font 12.7px, need >= 11
M2 work 1440 PASS content-move (400px wide): min rendered label font 13.3px, need >= 11
M2 work 1440 PASS birth-move (400px wide): min rendered label font 17.3px, need >= 11
M3 work 1440 PASS circle on "$14M": widthRatio 1.1883 vs 1.1885 (0.0%), heightRatio 1.1799 vs 1.1858 (0.5%), leftOffsetRatio 0.0911 vs 0.0909 (0.2%)
M4 work 1440 PASS page width 1440 = viewport 1440
M5 work 1440 PASS arrows vs labels: min gap 5.5px (need >= 4)
M6 work 1440 PASS paired labels inside their node boxes; distinct widths per drawing: guardicore-vis 6, rfp-flow 7, ordani-claims 4, content-move 6, birth-move 5 (need >= 4 each)
M7 work 1440 PASS vertical arrows shorter than the tallest node where present; no 90-degree elbow with both legs > 20px in 184 paths
M8 work 1440 PASS stroke widths: circle 2px, node 2px, arrow 2px; spread 0.00px (need <= 0.5)
M10 work 1440 PASS (check defined at 390 only)
M13 work 1440 PASS 7 distinct HTML font sizes: 12, 14, 18, 22, 36, 72, 96 (need exactly 7); svg label sizes (drawings' own type): 16, 19
M14 work 1440 PASS drawings present: guardicore-vis, rfp-flow, ordani-claims, content-move, birth-move; all have >= 4 distinct node widths
RESULT work 1440 PASS

M1 work 390 PASS 29 labels in 5 visible drawing(s): no intersections, all inside their svg box
M2 work 390 PASS guardicore-vis (350px wide): min rendered label font 22.2px, need >= 11
M2 work 390 PASS rfp-flow (350px wide): min rendered label font 11.9px, need >= 11
M2 work 390 PASS ordani-claims (350px wide): min rendered label font 11.1px, need >= 11
M2 work 390 PASS content-move (350px wide): min rendered label font 11.7px, need >= 11
M2 work 390 PASS birth-move (350px wide): min rendered label font 15.1px, need >= 11
M3 work 390 PASS circle on "$14M": widthRatio 1.1883 vs 1.1885 (0.0%), heightRatio 1.171 vs 1.1858 (1.2%), leftOffsetRatio 0.091 vs 0.0909 (0.1%)
M4 work 390 PASS page width 390 = viewport 390
M5 work 390 PASS arrows vs labels: min gap 4.9px (need >= 4)
M6 work 390 PASS paired labels inside their node boxes; distinct widths per drawing: guardicore-vis 6, rfp-flow 6, ordani-claims 4, content-move 6, birth-move 5 (need >= 4 each)
M7 work 390 PASS vertical arrows shorter than the tallest node where present; no 90-degree elbow with both legs > 20px in 184 paths
M8 work 390 PASS stroke widths: circle 1.5px, node 1.5px, arrow 1.5px; spread 0.00px (need <= 0.5)
M10 work 390 PASS entry order figure line < drawing < did-line < service label on 4 entries
M13 work 390 PASS (check defined at 1440 only)
INFO work 390: first fold head top 117, description bottom 472, doorway top 520 (viewport 844)
RESULT work 390 PASS

M1 study-guardicore 1440 PASS 6 labels in 1 visible drawing(s): no intersections, all inside their svg box
M2 study-guardicore 1440 PASS guardicore-vis (834px wide): min rendered label font 28.3px, need >= 11
M3 study-guardicore 1440 PASS circle on "$14M": widthRatio 1.1883 vs 1.1885 (0.0%), heightRatio 1.1799 vs 1.1858 (0.5%), leftOffsetRatio 0.0911 vs 0.0909 (0.2%)
M4 study-guardicore 1440 PASS page width 1440 = viewport 1440
M5 study-guardicore 1440 PASS arrows vs labels: min gap 21.8px (need >= 4)
M6 study-guardicore 1440 PASS paired labels inside their node boxes; distinct widths per drawing: guardicore-vis 6 (need >= 4 each)
M7 study-guardicore 1440 PASS vertical arrows shorter than the tallest node where present; no 90-degree elbow with both legs > 20px in 66 paths
M8 study-guardicore 1440 PASS stroke widths: circle 2px, node 2px, arrow 2px; spread 0.00px (need <= 0.5)
M12 study-guardicore 1440 PASS (no drawing in this band; the photograph band)
INFO study-guardicore 1440: band media top 149.4 vs title cap top 149.5 (diff 0px)
INFO study-guardicore 1440: body break drawing-to-sentence gaps 28px
RESULT study-guardicore 1440 PASS

M1 study-guardicore 390 PASS 6 labels in 1 visible drawing(s): no intersections, all inside their svg box
M2 study-guardicore 390 PASS guardicore-vis (310px wide): min rendered label font 19.6px, need >= 11
M3 study-guardicore 390 PASS circle on "$14M": widthRatio 1.1883 vs 1.1885 (0.0%), heightRatio 1.171 vs 1.1858 (1.2%), leftOffsetRatio 0.091 vs 0.0909 (0.1%)
M4 study-guardicore 390 PASS page width 390 = viewport 390
M5 study-guardicore 390 PASS arrows vs labels: min gap 14.7px (need >= 4)
M6 study-guardicore 390 PASS paired labels inside their node boxes; distinct widths per drawing: guardicore-vis 6 (need >= 4 each)
M7 study-guardicore 390 PASS vertical arrows shorter than the tallest node where present; no 90-degree elbow with both legs > 20px in 66 paths
M8 study-guardicore 390 PASS stroke widths: circle 1.5px, node 1.5px, arrow 1.5px; spread 0.00px (need <= 0.5)
M12 study-guardicore 390 PASS (no drawing in this band; the photograph band)
INFO study-guardicore 390: band media top 1079 vs title cap top 121.5 (diff 958px)
INFO study-guardicore 390: body break drawing-to-sentence gaps 28px
RESULT study-guardicore 390 PASS

M1 study-rfp 1440 PASS 6 labels in 1 visible drawing(s): no intersections, all inside their svg box
M2 study-rfp 1440 PASS rfp-flow (552px wide, band): min rendered label font 18.7px, need >= 12
M3 study-rfp 1440 PASS circle on "$3M": widthRatio 1.1884 vs 1.1885 (0.0%), heightRatio 1.1799 vs 1.1858 (0.5%), leftOffsetRatio 0.0908 vs 0.0909 (0.1%)
M4 study-rfp 1440 PASS page width 1440 = viewport 1440
M5 study-rfp 1440 PASS arrows vs labels: min gap 7.9px (need >= 4)
M6 study-rfp 1440 PASS paired labels inside their node boxes; distinct widths per drawing: rfp-flow 7 (need >= 4 each)
M7 study-rfp 1440 PASS vertical arrows shorter than the tallest node where present; no 90-degree elbow with both legs > 20px in 46 paths
M8 study-rfp 1440 PASS stroke widths: circle 2px, node 2px, arrow 2px; spread 0.00px (need <= 0.5)
M12 study-rfp 1440 PASS band rfp-flow: drawing bottom to sentence top 28px (need 24-40)
INFO study-rfp 1440: band media top 149.4 vs title cap top 149.5 (diff 0px)
RESULT study-rfp 1440 PASS

M1 study-rfp 390 PASS 6 labels in 1 visible drawing(s): no intersections, all inside their svg box
M2 study-rfp 390 PASS rfp-flow (360.59px wide, band): min rendered label font 12.2px, need >= 12
M3 study-rfp 390 PASS circle on "$3M": widthRatio 1.1884 vs 1.1885 (0.0%), heightRatio 1.171 vs 1.1858 (1.2%), leftOffsetRatio 0.0907 vs 0.0909 (0.2%)
M4 study-rfp 390 PASS page width 390 = viewport 390
M5 study-rfp 390 PASS arrows vs labels: min gap 5.5px (need >= 4)
M6 study-rfp 390 PASS paired labels inside their node boxes; distinct widths per drawing: rfp-flow 7 (need >= 4 each)
M7 study-rfp 390 PASS vertical arrows shorter than the tallest node where present; no 90-degree elbow with both legs > 20px in 46 paths
M8 study-rfp 390 PASS stroke widths: circle 1.5px, node 1.5px, arrow 1.5px; spread 0.00px (need <= 0.5)
M12 study-rfp 390 PASS band rfp-flow: drawing bottom to sentence top 28px (need 24-40)
INFO study-rfp 390: band media top 1222.8 vs title cap top 141 (diff 1082px)
RESULT study-rfp 390 PASS

M1 states 1440 PASS 54 labels in 9 visible drawing(s): no intersections, all inside their svg box
M2 states 1440 PASS guardicore-vis (339.53px wide): min rendered label font 11.5px, need >= 11
M2 states 1440 PASS guardicore-vis (339.53px wide): min rendered label font 11.5px, need >= 11
M2 states 1440 PASS rfp-flow (399.44px wide): min rendered label font 13.6px, need >= 11
M2 states 1440 PASS guardicore-vis (339.53px wide): min rendered label font 11.5px, need >= 11
M2 states 1440 PASS rfp-flow (399.44px wide): min rendered label font 13.6px, need >= 11
M2 states 1440 PASS guardicore-vis (339.53px wide): min rendered label font 11.5px, need >= 11
M2 states 1440 PASS rfp-flow (399.44px wide): min rendered label font 13.6px, need >= 11
M2 states 1440 PASS rfp-flow (476px wide): min rendered label font 16.1px, need >= 11
M2 states 1440 PASS rfp-flow (476px wide): min rendered label font 16.1px, need >= 11
M3 states 1440 PASS circle on "$14M": widthRatio 1.1883 vs 1.1885 (0.0%), heightRatio 1.1799 vs 1.1858 (0.5%), leftOffsetRatio 0.0911 vs 0.0909 (0.2%)
M3 states 1440 PASS circle on "$14M": widthRatio 1.1883 vs 1.1885 (0.0%), heightRatio 1.1799 vs 1.1858 (0.5%), leftOffsetRatio 0.0911 vs 0.0909 (0.2%)
M4 states 1440 PASS page width 1440 = viewport 1440
M5 states 1440 PASS arrows vs labels: min gap 5.5px (need >= 4)
M6 states 1440 PASS paired labels inside their node boxes; distinct widths per drawing: guardicore-vis 5, guardicore-vis 5, rfp-flow 7, guardicore-vis 5, rfp-flow 7, guardicore-vis 5, rfp-flow 7, rfp-flow 7, rfp-flow 7 (need >= 4 each)
M7 states 1440 PASS vertical arrows shorter than the tallest node where present; no 90-degree elbow with both legs > 20px in 494 paths
M8 states 1440 PASS stroke widths: circle 2px, node 2px, arrow 2px; spread 0.00px (need <= 0.5)
RESULT states 1440 PASS

M1 states 390 PASS (states at 390 shows the 1440 frames scaled to fit; not a design width)
M2 states 390 PASS (states at 390 shows the 1440 frames scaled to fit; not a design width)
M3 states 390 PASS circle on "$14M": widthRatio 1.1883 vs 1.1885 (0.0%), heightRatio 1.1799 vs 1.1858 (0.5%), leftOffsetRatio 0.0911 vs 0.0909 (0.2%)
M3 states 390 PASS circle on "$14M": widthRatio 1.1883 vs 1.1885 (0.0%), heightRatio 1.1799 vs 1.1858 (0.5%), leftOffsetRatio 0.0911 vs 0.0909 (0.2%)
M4 states 390 PASS page width 390 = viewport 390
M5 states 390 PASS (states at 390 shows the 1440 frames scaled to fit; not a design width)
M5 states 390 PASS arrows vs labels: min gap n/a (need >= 4)
M6 states 390 PASS paired labels inside their node boxes; distinct widths per drawing: guardicore-vis 5, guardicore-vis 5, rfp-flow 6, guardicore-vis 5, rfp-flow 6, guardicore-vis 5, rfp-flow 6, rfp-flow 7, rfp-flow 7 (need >= 4 each)
M7 states 390 PASS vertical arrows shorter than the tallest node where present; no 90-degree elbow with both legs > 20px in 494 paths
M8 states 390 PASS stroke widths: circle 2px, node 2px, arrow 2px; spread 0.00px (need <= 0.5)
RESULT states 390 PASS

M15 all four files PASS ledger grep: none of 40%, 91%, intake completion, 290,000, 36x, $80M, Luna, per claim, em-dash, tenure year range
