Lockfile is up to date, resolution step is skipped
Progress: resolved 1, reused 0, downloaded 0, added 0
Packages: +220
++++++++++++++++++++++++++++++++++++++++++++++++++++++++++++++++++++++++++++++++
Progress: resolved 220, reused 216, downloaded 0, added 114
Progress: resolved 220, reused 219, downloaded 0, added 216
Progress: resolved 220, reused 219, downloaded 0, added 219
Progress: resolved 220, reused 220, downloaded 0, added 219
Progress: resolved 220, reused 220, downloaded 0, added 220
Progress: resolved 220, reused 220, downloaded 0, added 220, done

dependencies:
+ @gsap/react 2.1.2
+ @mdx-js/loader 3.1.1
+ @mdx-js/react 3.1.1
+ @next/mdx 16.2.6
+ @supabase/supabase-js 2.105.4
+ @vercel/analytics 2.0.1
+ @vercel/speed-insights 1.3.1
+ gray-matter 4.0.3
+ gsap 3.15.0
+ lenis 1.3.23
+ next 16.2.6
+ postcss 8.5.14
+ react 19.2.6
+ react-dom 19.2.6
+ remark-frontmatter 5.0.0
+ remark-gfm 4.0.1
+ resend 6.12.3
+ stripe 22.6.0
+ zod 4.4.3

devDependencies:
+ @tailwindcss/postcss 4.3.0
+ @types/mdx 2.0.13
+ @types/node 22.19.19
+ @types/react 19.2.14
+ @types/react-dom 19.2.3
+ prettier 3.8.3
+ prettier-plugin-tailwindcss 0.6.14
+ sharp 0.34.5
+ tailwindcss 4.3.0
+ tsx 4.22.0
+ typescript 6.0.3

Done in 6.9s using pnpm v10.28.2
