chunks119 after exit 0 | initial gsap chunks on /: 0 initial gsap chunks on /services: 0 
reveal119 after exit 0
PASS R1: loadEventEnd=251ms gsap=403ms 04763798-694607b829c6391e.js
PASS R2: cw-offer-title chars=29 bad=none; cw-howiwork-title chars=9 bad=none; cw-products-title chars=12 bad=none; cw-ordani-title chars=6 bad=none; cw-build-title chars=15 bad=none
PASS R3: cw-offer-title chars=0; cw-howiwork-title chars=0; cw-products-title chars=0; cw-ordani-title chars=0; cw-build-title chars=0
PASS R4: cw-offer-title bottom=-4347 chars=0; cw-howiwork-title bottom=-3743 chars=0; cw-products-title bottom=-2143 chars=0; cw-ordani-title bottom=-1165 chars=0; cw-build-title bottom=816 chars=0
reveal119 failures: 0
lh119-summary exit 1
before / run 1: performance=89 LCP=3504ms FCP=1958ms TBT=11ms
before / run 2: performance=90 LCP=3510ms FCP=1809ms TBT=13ms
before / run 3: performance=89 LCP=3530ms FCP=1959ms TBT=13ms
before / median: performance=89 LCP=3510ms FCP=1958ms TBT=13ms
before /services run 1: performance=93 LCP=2944ms FCP=1958ms TBT=18ms
before /services run 2: performance=93 LCP=2946ms FCP=1959ms TBT=19ms
before /services run 3: performance=93 LCP=2944ms FCP=1960ms TBT=17ms
before /services median: performance=93 LCP=2944ms FCP=1959ms TBT=18ms
after / run 1: performance=89 LCP=3563ms FCP=1808ms TBT=17ms
after / run 2: performance=91 LCP=3271ms FCP=1958ms TBT=7ms
after / run 3: performance=89 LCP=3559ms FCP=1956ms TBT=19ms
after / median: performance=89 LCP=3559ms FCP=1956ms TBT=17ms
after /services run 1: performance=93 LCP=2945ms FCP=1959ms TBT=19ms
after /services run 2: performance=93 LCP=2940ms FCP=1961ms TBT=12ms
after /services run 3: performance=93 LCP=2942ms FCP=1960ms TBT=14ms
after /services median: performance=93 LCP=2942ms FCP=1960ms TBT=14ms
FAIL / median LCP after < before: after=3559ms before=3510ms
PASS / median TBT after <= before + 10: after=17ms before=13ms limit=23ms
PASS /services median performance within 1 point: after=93 before=93 difference=0
target / median performance >= 95: NOT MET (89)
lh119 gate failures: 1
type117 exit 0 type117 failures: 0
render exit 0 render-gate: 15 routes — links resolve, fragments exist, metadata within limits.
axe exit 0 axe-worlds: axe-core 4.13.0, 91 scans, 0 serious/critical finding(s), 0 not in KNOWN
layout exit 0 layout-gate: 36 page loads across 6 routes, 0 finding(s), 0 not in KNOWN
card1 exit 0 card1 failures: 0
circle115 exit 0 circle failures: 0
AFTER-DONE
